  candles ready: AKEUSD
  candles ready: AVAXUSD
  candles ready: MUBARAKUSD
  candles ready: SAGAUSD
  candles ready: AINUSD
  candles ready: COOKIEUSD
  candles ready: 1000PEPEUSD
  candles ready: ETCUSD
  candles ready: WIFUSD
  candles ready: DOGEUSD
  candles ready: ETHUSD
  candles ready: SOLUSD
  candles ready: ZECUSD
  candles ready: AAVEUSD
  candles ready: NEARUSD
  candles ready: FILUSD
  candles ready: SUIUSD
  candles ready: UNIUSD
  candles ready: HYPEUSD
  candles ready: VVVUSD
  candles ready: XRPUSD
  candles ready: BTCUSD
  candles ready: TAOUSD
  candles ready: EVAAUSD
  candles ready: PIEVERSEUSD
  candles ready: LINKUSD
  candles ready: BNBUSD
  candles ready: BCHUSD
survey: 36 scripts × 15m,1h,4h × 28 markets, concurrency 7
  100/102 script×tf · 2861 runs · 0 failed · 4 min
done: 2998 runs, 0 failed, 26 skipped as silent, 5 min
