  candles ready: BTCUSD
  candles ready: SOLUSD
  candles ready: LINKUSD
survey: 703 scripts × 15m,1h,4h × 3 markets, concurrency 7
  100/1995 script×tf · 288 runs · 0 failed · 1 min
16:24:02.673 ERROR [pool] worker 0 crashed: request.security(DXY): DXY is not a Delta market; external series are not supported
16:24:11.093 ERROR [pool] worker 0 crashed: request.security(DXY): DXY is not a Delta market; external series are not supported
16:24:19.025 ERROR [pool] worker 0 crashed: request.security(DXY): DXY is not a Delta market; external series are not supported
  200/1995 script×tf · 518 runs · 10 failed · 2 min
16:24:32.333 ERROR [pool] worker 1 crashed: request.security(VIX): VIX is not a Delta market; external series are not supported
16:24:32.349 ERROR [pool] worker 5 crashed: request.security(VIX): VIX is not a Delta market; external series are not supported
16:24:32.585 ERROR [pool] worker 6 crashed: request.security(VIX): VIX is not a Delta market; external series are not supported
16:24:32.867 ERROR [pool] worker 0 crashed: request.security(VIX): VIX is not a Delta market; external series are not supported
16:24:32.879 ERROR [pool] worker 1 crashed: request.security(VIX): VIX is not a Delta market; external series are not supported
16:24:32.880 ERROR [pool] worker 5 crashed: request.security(VIX): VIX is not a Delta market; external series are not supported
  300/1995 script×tf · 699 runs · 59 failed · 2 min
16:24:48.066 ERROR [pool] worker 0 crashed: request.security(AAPL): AAPL is not a Delta market; external series are not supported
16:24:48.205 ERROR [pool] worker 5 crashed: request.security(AAPL): AAPL is not a Delta market; external series are not supported
16:24:48.252 ERROR [pool] worker 6 crashed: request.security(AAPL): AAPL is not a Delta market; external series are not supported
16:24:51.431 ERROR [pool] worker 5 crashed: request.security(SPY): SPY is not a Delta market; external series are not supported
16:24:51.585 ERROR [pool] worker 3 crashed: request.security(SPY): SPY is not a Delta market; external series are not supported
16:24:52.146 ERROR [pool] worker 0 crashed: request.security(SPY): SPY is not a Delta market; external series are not supported
  400/1995 script×tf · 959 runs · 74 failed · 2 min
16:25:27.639 ERROR [pool] worker 0 crashed: request.security(SPY): SPY is not a Delta market; external series are not supported
16:25:27.843 ERROR [pool] worker 2 crashed: request.security(SPY): SPY is not a Delta market; external series are not supported
16:25:27.873 ERROR [pool] worker 3 crashed: request.security(SPY): SPY is not a Delta market; external series are not supported
16:25:28.231 ERROR [pool] worker 4 crashed: request.security(XLK): XLK is not a Delta market; external series are not supported
16:25:28.276 ERROR [pool] worker 3 crashed: request.security(XLK): XLK is not a Delta market; external series are not supported
16:25:28.384 ERROR [pool] worker 0 crashed: request.security(XLK): XLK is not a Delta market; external series are not supported
16:25:30.066 ERROR [pool] worker 2 crashed: request.security(BTC): BTC is not a Delta market; external series are not supported
16:25:30.373 ERROR [pool] worker 4 crashed: request.security(BTC): BTC is not a Delta market; external series are not supported
16:25:30.530 ERROR [pool] worker 2 crashed: request.security(BTC): BTC is not a Delta market; external series are not supported
  500/1995 script×tf · 1178 runs · 104 failed · 3 min
16:25:43.818 ERROR [pool] worker 3 crashed: request.security(SPY): SPY is not a Delta market; external series are not supported
16:25:43.923 ERROR [pool] worker 2 crashed: request.security(SPY): SPY is not a Delta market; external series are not supported
16:25:43.984 ERROR [pool] worker 6 crashed: request.security(SPY): SPY is not a Delta market; external series are not supported
16:25:45.527 ERROR [pool] worker 2 crashed: request.security(VIX): VIX is not a Delta market; external series are not supported
16:25:45.652 ERROR [pool] worker 3 crashed: request.security(VIX): VIX is not a Delta market; external series are not supported
16:25:45.694 ERROR [pool] worker 4 crashed: request.security(VIX): VIX is not a Delta market; external series are not supported
  600/1995 script×tf · 1422 runs · 122 failed · 3 min
16:26:14.387 ERROR [pool] worker 3 crashed: request.security(SPX): SPX is not a Delta market; external series are not supported
16:26:14.674 ERROR [pool] worker 0 crashed: request.security(SPX): SPX is not a Delta market; external series are not supported
16:26:15.050 ERROR [pool] worker 0 crashed: request.security(SPX): SPX is not a Delta market; external series are not supported
16:26:33.283 ERROR [pool] worker 4 crashed: request.security(NDX): NDX is not a Delta market; external series are not supported
16:26:33.364 ERROR [pool] worker 6 crashed: request.security(NDX): NDX is not a Delta market; external series are not supported
16:26:33.676 ERROR [pool] worker 2 crashed: request.security(NDX): NDX is not a Delta market; external series are not supported
16:26:33.983 ERROR [pool] worker 1 crashed: request.security(BTCUSD.P_OI): BTCUSD.P_OI is not a Delta market; external series are not supported
16:26:34.305 ERROR [pool] worker 0 crashed: request.security(BTCUSD.P_OI): BTCUSD.P_OI is not a Delta market; external series are not supported
16:26:34.708 ERROR [pool] worker 0 crashed: request.security(BTCUSD.P_OI): BTCUSD.P_OI is not a Delta market; external series are not supported
16:26:37.032 ERROR [pool] worker 1 crashed: request.security(SPY): SPY is not a Delta market; external series are not supported
16:26:37.054 ERROR [pool] worker 6 crashed: request.security(SPY): SPY is not a Delta market; external series are not supported
16:26:37.323 ERROR [pool] worker 5 crashed: request.security(SPY): SPY is not a Delta market; external series are not supported
  700/1995 script×tf · 1656 runs · 140 failed · 4 min
16:26:45.295 ERROR [pool] worker 0 crashed: request.security(SPY): SPY is not a Delta market; external series are not supported
16:26:45.412 ERROR [pool] worker 6 crashed: request.security(SPY): SPY is not a Delta market; external series are not supported
16:26:45.421 ERROR [pool] worker 5 crashed: request.security(SPY): SPY is not a Delta market; external series are not supported
  800/1995 script×tf · 1879 runs · 158 failed · 4 min
16:26:59.480 ERROR [pool] worker 0 crashed: 
16:26:59.834 ERROR [pool] worker 0 crashed: 
16:27:00.125 ERROR [pool] worker 6 crashed: 
16:27:18.470 ERROR [pool] worker 2 crashed: request.security(VIX): VIX is not a Delta market; external series are not supported
16:27:18.523 ERROR [pool] worker 5 crashed: request.security(VIX): VIX is not a Delta market; external series are not supported
16:27:18.663 ERROR [pool] worker 6 crashed: request.security(VIX): VIX is not a Delta market; external series are not supported
  900/1995 script×tf · 2112 runs · 179 failed · 4 min
  1000/1995 script×tf · 2378 runs · 180 failed · 5 min
  1100/1995 script×tf · 2621 runs · 197 failed · 5 min
  1200/1995 script×tf · 2857 runs · 213 failed · 6 min
16:28:41.489 ERROR [pool] worker 4 crashed: request.security(DXY): DXY is not a Delta market; external series are not supported
16:28:41.893 ERROR [pool] worker 6 crashed: request.security(DXY): DXY is not a Delta market; external series are not supported
16:28:42.347 ERROR [pool] worker 6 crashed: request.security(DXY): DXY is not a Delta market; external series are not supported
  1300/1995 script×tf · 3127 runs · 222 failed · 6 min
  1400/1995 script×tf · 3382 runs · 225 failed · 7 min
16:29:52.667 ERROR [pool] worker 2 crashed: request.security(DXY): DXY is not a Delta market; external series are not supported
16:29:52.911 ERROR [pool] worker 5 crashed: request.security(DXY): DXY is not a Delta market; external series are not supported
16:29:53.108 ERROR [pool] worker 3 crashed: request.security(DXY): DXY is not a Delta market; external series are not supported
  1500/1995 script×tf · 3634 runs · 237 failed · 7 min
  1600/1995 script×tf · 3907 runs · 243 failed · 8 min
  1700/1995 script×tf · 4198 runs · 248 failed · 9 min
  1800/1995 script×tf · 4364 runs · 306 failed · 9 min
16:32:05.162 ERROR [pool] worker 2 crashed: 
16:32:05.578 ERROR [pool] worker 2 crashed: 
16:32:05.775 ERROR [pool] worker 5 crashed: 
  1900/1995 script×tf · 4514 runs · 366 failed · 9 min
  2000/2000 script×tf · 4684 runs · 416 failed · 10 min
done: 4685 runs, 416 failed, 487 skipped as silent, 10 min
