tune: 20 scanners · BTCUSD,ETHUSD,SOLUSD,UNIUSD,LINKUSD 15m · 2999 bars · train 70% / test 30%
  universal-signal-backtester: default loses out of sample
  zeiierman-trend-pressure-zeiierman: too few trades to tune
  volume-delta-footprint-map-zeiierman: too few trades to tune
  ltf-volume-microburst-bubbles-zeiierman: not runnable, skipped
  directional-volume-shapes-zeiierman: not runnable, skipped
  wyckoff: not runnable, skipped
  trend-target-ribbon: default loses out of sample
  dual-phase-reversal-by-dgt: not runnable, skipped
  kinetic-slippage-index-ksi: too few trades to tune
  tasc-2026-08-an-ag-selling-model: too few trades to tune
  chess: default run failed
  initial-balance-auction-intelligence-by-dgt: default run failed
  session-edge-profiler-flux-charts: default run failed
  macd-with-htf-panels: too few trades to tune
  byo-pattern-v1: default run failed
  time-of-day-session-performance-stats-quantal: too few trades to tune
  tasc-2026-09-adaptive-supersmoother: too few trades to tune
  iq-trend-beams: default run failed
  machine-learning-neural-network-engine: default run failed
  intrabar-profile: default run failed
