  candles ready: BTCUSD
  candles ready: FILUSD
  candles ready: SOLUSD
  candles ready: UNIUSD
  candles ready: PIEVERSEUSD
  candles ready: ZECUSD
  candles ready: AKEUSD
  candles ready: ETHUSD
  candles ready: AVAXUSD
  candles ready: LINKUSD
  candles ready: XRPUSD
  candles ready: DOGEUSD
  candles ready: SUIUSD
  candles ready: NEARUSD
  candles ready: AAVEUSD
  candles ready: BNBUSD
  candles ready: ETCUSD
  candles ready: WIFUSD
  candles ready: TAOUSD
  candles ready: HYPEUSD
  candles ready: EVAAUSD
  candles ready: SAGAUSD
  candles ready: MUBARAKUSD
  candles ready: 1000PEPEUSD
  candles ready: COOKIEUSD
  candles ready: AINUSD
  candles ready: BCHUSD
  candles ready: VVVUSD
survey: 8 scripts × 15m,1h,4h × 28 markets, concurrency 7
done: 672 runs, 0 failed, 0 skipped as silent, 4 min
